[debug] [2026-05-27T00:27:16.019Z] ----------------------------------------------------------------------
[debug] [2026-05-27T00:27:16.033Z] Command:       C:\Program Files\nodejs\node.exe C:\Users\Makram Alabsi\AppData\Roaming\npm\node_modules\firebase-tools\lib\bin\firebase.js deploy --only hosting
[debug] [2026-05-27T00:27:16.036Z] CLI Version:   15.18.0
[debug] [2026-05-27T00:27:16.037Z] Platform:      win32
[debug] [2026-05-27T00:27:16.037Z] Node Version:  v24.16.0
[debug] [2026-05-27T00:27:16.038Z] Time:          Wed May 27 2026 03:27:16 GMT+0300 (التوقيت العربي الرسمي)
[debug] [2026-05-27T00:27:16.039Z] ----------------------------------------------------------------------
[debug] 
[debug] [2026-05-27T00:27:52.034Z] > command requires scopes: ["email","openid","https://www.googleapis.com/auth/cloudplatformprojects.readonly","https://www.googleapis.com/auth/firebase","https://www.googleapis.com/auth/cloud-platform"]
[debug] [2026-05-27T00:27:52.036Z] > authorizing via signed-in user (eyadtitans@hotmail.com)
[debug] [2026-05-27T00:27:52.037Z] [iam] checking project math-arabic-2026 for permissions ["firebase.projects.get","firebasehosting.sites.update"]
[debug] [2026-05-27T00:27:52.043Z] Checked if tokens are valid: false, expires at: 1779842090248
[debug] [2026-05-27T00:27:52.043Z] Checked if tokens are valid: false, expires at: 1779842090248
[debug] [2026-05-27T00:27:52.044Z] > refreshing access token with scopes: []
[debug] [2026-05-27T00:27:52.051Z] >>> [apiv2][query] POST https://www.googleapis.com/oauth2/v3/token [none]
[debug] [2026-05-27T00:27:52.052Z] >>> [apiv2][body] POST https://www.googleapis.com/oauth2/v3/token [omitted]
[debug] [2026-05-27T00:27:52.441Z] <<< [apiv2][status] POST https://www.googleapis.com/oauth2/v3/token 200
[debug] [2026-05-27T00:27:52.441Z] <<< [apiv2][body] POST https://www.googleapis.com/oauth2/v3/token [omitted]
[debug] [2026-05-27T00:27:52.533Z] >>> [apiv2][query] POST https://cloudresourcemanager.googleapis.com/v1/projects/math-arabic-2026:testIamPermissions [none]
[debug] [2026-05-27T00:27:52.533Z] >>> [apiv2][(partial)header] POST https://cloudresourcemanager.googleapis.com/v1/projects/math-arabic-2026:testIamPermissions  x-goog-user-project=math-arabic-2026
[debug] [2026-05-27T00:27:52.534Z] >>> [apiv2][body] POST https://cloudresourcemanager.googleapis.com/v1/projects/math-arabic-2026:testIamPermissions {"permissions":["firebase.projects.get","firebasehosting.sites.update"]}
